// Jest Snapshot v1, https://goo.gl/fbAQLP

exports[`<ConnectionModal /> renders the component 1`] = `
ShallowWrapper {
  Symbol(enzyme.__root__): [Circular],
  Symbol(enzyme.__unrendered__): <ConnectionModal
    isConnectModalOpen={false}
    showConnectionModal={[Function]}
    store={
      Object {
        "dispatch": [Function],
        "getState": [Function],
        "replaceReducer": [Function],
        "subscribe": [Function],
        Symbol(observable): [Function],
      }
    }
    storeSubscription={
      Subscription {
        "listeners": Object {
          "clear": [Function],
          "get": [Function],
          "notify": [Function],
          "subscribe": [Function],
        },
        "onStateChange": [Function],
        "parentSub": undefined,
        "store": Object {
          "dispatch": [Function],
          "getState": [Function],
          "replaceReducer": [Function],
          "subscribe": [Function],
          Symbol(observable): [Function],
        },
        "unsubscribe": [Function],
      }
    }
  />,
  Symbol(enzyme.__renderer__): Object {
    "batchedUpdates": [Function],
    "getNode": [Function],
    "render": [Function],
    "simulateError": [Function],
    "simulateEvent": [Function],
    "unmount": [Function],
  },
  Symbol(enzyme.__node__): Object {
    "instance": null,
    "key": undefined,
    "nodeType": "class",
    "props": Object {
      "autoFocus": true,
      "backdrop": true,
      "backdropTransition": Object {
        "mountOnEnter": true,
        "timeout": 150,
      },
      "centered": false,
      "children": Array [
        <ModalHeader
          charCode={215}
          closeAriaLabel="Close"
          id="alert-dialog-title"
          tag="h5"
          wrapTag="div"
        >
          Unable to detect network
        </ModalHeader>,
        <ModalBody
          tag="div"
        >
          <div
            id="alert-dialog-description"
          >
            <span>
              Are you sure you're connected to the Ethereum Main Network?
            </span>
          </div>
        </ModalBody>,
        <ModalFooter
          tag="div"
        >
          <button
            className="btn btn-primary"
            onClick={[Function]}
          >
            <Link
              className="button-link"
              replace={false}
              to="/"
            >
              Homepage
            </Link>
          </button>
        </ModalFooter>,
      ],
      "fade": true,
      "isOpen": false,
      "keyboard": true,
      "modalTransition": Object {
        "timeout": 300,
      },
      "onClosed": [Function],
      "onOpened": [Function],
      "role": "dialog",
      "zIndex": 1050,
    },
    "ref": null,
    "rendered": Array [
      Object {
        "instance": null,
        "key": undefined,
        "nodeType": "function",
        "props": Object {
          "charCode": 215,
          "children": "Unable to detect network",
          "closeAriaLabel": "Close",
          "id": "alert-dialog-title",
          "tag": "h5",
          "wrapTag": "div",
        },
        "ref": null,
        "rendered": "Unable to detect network",
        "type": [Function],
      },
      Object {
        "instance": null,
        "key": undefined,
        "nodeType": "function",
        "props": Object {
          "children": <div
            id="alert-dialog-description"
          >
            <span>
              Are you sure you're connected to the Ethereum Main Network?
            </span>
          </div>,
          "tag": "div",
        },
        "ref": null,
        "rendered": Object {
          "instance": null,
          "key": undefined,
          "nodeType": "host",
          "props": Object {
            "children": <span>
              Are you sure you're connected to the Ethereum Main Network?
            </span>,
            "id": "alert-dialog-description",
          },
          "ref": null,
          "rendered": Object {
            "instance": null,
            "key": undefined,
            "nodeType": "host",
            "props": Object {
              "children": "Are you sure you're connected to the Ethereum Main Network?",
            },
            "ref": null,
            "rendered": "Are you sure you're connected to the Ethereum Main Network?",
            "type": "span",
          },
          "type": "div",
        },
        "type": [Function],
      },
      Object {
        "instance": null,
        "key": undefined,
        "nodeType": "function",
        "props": Object {
          "children": <button
            className="btn btn-primary"
            onClick={[Function]}
          >
            <Link
              className="button-link"
              replace={false}
              to="/"
            >
              Homepage
            </Link>
          </button>,
          "tag": "div",
        },
        "ref": null,
        "rendered": Object {
          "instance": null,
          "key": undefined,
          "nodeType": "host",
          "props": Object {
            "children": <Link
              className="button-link"
              replace={false}
              to="/"
            >
              Homepage
            </Link>,
            "className": "btn btn-primary",
            "onClick": [Function],
          },
          "ref": null,
          "rendered": Object {
            "instance": null,
            "key": undefined,
            "nodeType": "class",
            "props": Object {
              "children": "Homepage",
              "className": "button-link",
              "replace": false,
              "to": "/",
            },
            "ref": null,
            "rendered": "Homepage",
            "type": [Function],
          },
          "type": "button",
        },
        "type": [Function],
      },
    ],
    "type": [Function],
  },
  Symbol(enzyme.__nodes__): Array [
    Object {
      "instance": null,
      "key": undefined,
      "nodeType": "class",
      "props": Object {
        "autoFocus": true,
        "backdrop": true,
        "backdropTransition": Object {
          "mountOnEnter": true,
          "timeout": 150,
        },
        "centered": false,
        "children": Array [
          <ModalHeader
            charCode={215}
            closeAriaLabel="Close"
            id="alert-dialog-title"
            tag="h5"
            wrapTag="div"
          >
            Unable to detect network
          </ModalHeader>,
          <ModalBody
            tag="div"
          >
            <div
              id="alert-dialog-description"
            >
              <span>
                Are you sure you're connected to the Ethereum Main Network?
              </span>
            </div>
          </ModalBody>,
          <ModalFooter
            tag="div"
          >
            <button
              className="btn btn-primary"
              onClick={[Function]}
            >
              <Link
                className="button-link"
                replace={false}
                to="/"
              >
                Homepage
              </Link>
            </button>
          </ModalFooter>,
        ],
        "fade": true,
        "isOpen": false,
        "keyboard": true,
        "modalTransition": Object {
          "timeout": 300,
        },
        "onClosed": [Function],
        "onOpened": [Function],
        "role": "dialog",
        "zIndex": 1050,
      },
      "ref": null,
      "rendered": Array [
        Object {
          "instance": null,
          "key": undefined,
          "nodeType": "function",
          "props": Object {
            "charCode": 215,
            "children": "Unable to detect network",
            "closeAriaLabel": "Close",
            "id": "alert-dialog-title",
            "tag": "h5",
            "wrapTag": "div",
          },
          "ref": null,
          "rendered": "Unable to detect network",
          "type": [Function],
        },
        Object {
          "instance": null,
          "key": undefined,
          "nodeType": "function",
          "props": Object {
            "children": <div
              id="alert-dialog-description"
            >
              <span>
                Are you sure you're connected to the Ethereum Main Network?
              </span>
            </div>,
            "tag": "div",
          },
          "ref": null,
          "rendered": Object {
            "instance": null,
            "key": undefined,
            "nodeType": "host",
            "props": Object {
              "children": <span>
                Are you sure you're connected to the Ethereum Main Network?
              </span>,
              "id": "alert-dialog-description",
            },
            "ref": null,
            "rendered": Object {
              "instance": null,
              "key": undefined,
              "nodeType": "host",
              "props": Object {
                "children": "Are you sure you're connected to the Ethereum Main Network?",
              },
              "ref": null,
              "rendered": "Are you sure you're connected to the Ethereum Main Network?",
              "type": "span",
            },
            "type": "div",
          },
          "type": [Function],
        },
        Object {
          "instance": null,
          "key": undefined,
          "nodeType": "function",
          "props": Object {
            "children": <button
              className="btn btn-primary"
              onClick={[Function]}
            >
              <Link
                className="button-link"
                replace={false}
                to="/"
              >
                Homepage
              </Link>
            </button>,
            "tag": "div",
          },
          "ref": null,
          "rendered": Object {
            "instance": null,
            "key": undefined,
            "nodeType": "host",
            "props": Object {
              "children": <Link
                className="button-link"
                replace={false}
                to="/"
              >
                Homepage
              </Link>,
              "className": "btn btn-primary",
              "onClick": [Function],
            },
            "ref": null,
            "rendered": Object {
              "instance": null,
              "key": undefined,
              "nodeType": "class",
              "props": Object {
                "children": "Homepage",
                "className": "button-link",
                "replace": false,
                "to": "/",
              },
              "ref": null,
              "rendered": "Homepage",
              "type": [Function],
            },
            "type": "button",
          },
          "type": [Function],
        },
      ],
      "type": [Function],
    },
  ],
  Symbol(enzyme.__options__): Object {
    "adapter": ReactSixteenAdapter {
      "options": Object {
        "enableComponentDidUpdateOnSetState": true,
        "lifecycles": Object {
          "componentDidUpdate": Object {
            "onSetState": true,
          },
          "getDerivedStateFromProps": true,
          "getSnapshotBeforeUpdate": true,
          "setState": Object {
            "skipsComponentDidUpdateOnNullish": true,
          },
        },
      },
    },
  },
}
`;
