// Jest Snapshot v1, https://goo.gl/fbAQLP

exports[`<Landing /> render() renders the component 1`] = `
ShallowWrapper {
  Symbol(enzyme.__root__): [Circular],
  Symbol(enzyme.__unrendered__): <Landing
    dispatch={[Function]}
    metamask={false}
    network={0}
    store={
      Object {
        "dispatch": [Function],
        "getState": [Function],
        "replaceReducer": [Function],
        "subscribe": [Function],
        Symbol(observable): [Function],
      }
    }
    storeSubscription={
      Subscription {
        "listeners": Object {
          "clear": [Function],
          "get": [Function],
          "notify": [Function],
          "subscribe": [Function],
        },
        "onStateChange": [Function],
        "parentSub": undefined,
        "store": Object {
          "dispatch": [Function],
          "getState": [Function],
          "replaceReducer": [Function],
          "subscribe": [Function],
          Symbol(observable): [Function],
        },
        "unsubscribe": [Function],
      }
    }
    whiteListed={false}
  />,
  Symbol(enzyme.__renderer__): Object {
    "batchedUpdates": [Function],
    "getNode": [Function],
    "render": [Function],
    "simulateError": [Function],
    "simulateEvent": [Function],
    "unmount": [Function],
  },
  Symbol(enzyme.__node__): Object {
    "instance": null,
    "key": undefined,
    "nodeType": "host",
    "props": Object {
      "children": Array [
        <h1
          className="landing-head"
        >
          Decentralized Derivatives Association  DRCT
        </h1>,
        <h3
          className="landing-subhead"
        >
          <div>
            <p>
              Please Login to 
              <a
                href="https://metamask.io/"
              >
                MetaMask
              </a>
            </p>
            <p
              className="landing_p"
            >
              <a
                href="https://www.cryptocompare.com/wallets/guides/how-to-use-metamask/"
              >
                What is MetaMask?
              </a>
            </p>
            <div
              className="landing-network-status"
            >
              Select :
              <p
                className="rinkeby-network-label"
              >
                rinkeby test network
              </p>
            </div>
          </div>
        </h3>,
        <img
          alt=""
          className="landing-logo"
          src="logo-large.png"
        />,
      ],
      "id": "landing",
    },
    "ref": null,
    "rendered": Array [
      Object {
        "instance": null,
        "key": undefined,
        "nodeType": "host",
        "props": Object {
          "children": "Decentralized Derivatives Association  DRCT",
          "className": "landing-head",
        },
        "ref": null,
        "rendered": "Decentralized Derivatives Association  DRCT",
        "type": "h1",
      },
      Object {
        "instance": null,
        "key": undefined,
        "nodeType": "host",
        "props": Object {
          "children": <div>
            <p>
              Please Login to 
              <a
                href="https://metamask.io/"
              >
                MetaMask
              </a>
            </p>
            <p
              className="landing_p"
            >
              <a
                href="https://www.cryptocompare.com/wallets/guides/how-to-use-metamask/"
              >
                What is MetaMask?
              </a>
            </p>
            <div
              className="landing-network-status"
            >
              Select :
              <p
                className="rinkeby-network-label"
              >
                rinkeby test network
              </p>
            </div>
          </div>,
          "className": "landing-subhead",
        },
        "ref": null,
        "rendered": Object {
          "instance": null,
          "key": undefined,
          "nodeType": "host",
          "props": Object {
            "children": Array [
              <p>
                Please Login to 
                <a
                  href="https://metamask.io/"
                >
                  MetaMask
                </a>
              </p>,
              <p
                className="landing_p"
              >
                <a
                  href="https://www.cryptocompare.com/wallets/guides/how-to-use-metamask/"
                >
                  What is MetaMask?
                </a>
              </p>,
              <div
                className="landing-network-status"
              >
                Select :
                <p
                  className="rinkeby-network-label"
                >
                  rinkeby test network
                </p>
              </div>,
            ],
          },
          "ref": null,
          "rendered": Array [
            Object {
              "instance": null,
              "key": undefined,
              "nodeType": "host",
              "props": Object {
                "children": Array [
                  "Please Login to ",
                  <a
                    href="https://metamask.io/"
                  >
                    MetaMask
                  </a>,
                ],
              },
              "ref": null,
              "rendered": Array [
                "Please Login to ",
                Object {
                  "instance": null,
                  "key": undefined,
                  "nodeType": "host",
                  "props": Object {
                    "children": "MetaMask",
                    "href": "https://metamask.io/",
                  },
                  "ref": null,
                  "rendered": "MetaMask",
                  "type": "a",
                },
              ],
              "type": "p",
            },
            Object {
              "instance": null,
              "key": undefined,
              "nodeType": "host",
              "props": Object {
                "children": <a
                  href="https://www.cryptocompare.com/wallets/guides/how-to-use-metamask/"
                >
                  What is MetaMask?
                </a>,
                "className": "landing_p",
              },
              "ref": null,
              "rendered": Object {
                "instance": null,
                "key": undefined,
                "nodeType": "host",
                "props": Object {
                  "children": "What is MetaMask?",
                  "href": "https://www.cryptocompare.com/wallets/guides/how-to-use-metamask/",
                },
                "ref": null,
                "rendered": "What is MetaMask?",
                "type": "a",
              },
              "type": "p",
            },
            Object {
              "instance": null,
              "key": undefined,
              "nodeType": "host",
              "props": Object {
                "children": Array [
                  "Select :",
                  <p
                    className="rinkeby-network-label"
                  >
                    rinkeby test network
                  </p>,
                ],
                "className": "landing-network-status",
              },
              "ref": null,
              "rendered": Array [
                "Select :",
                Object {
                  "instance": null,
                  "key": undefined,
                  "nodeType": "host",
                  "props": Object {
                    "children": "rinkeby test network",
                    "className": "rinkeby-network-label",
                  },
                  "ref": null,
                  "rendered": "rinkeby test network",
                  "type": "p",
                },
              ],
              "type": "div",
            },
          ],
          "type": "div",
        },
        "type": "h3",
      },
      Object {
        "instance": null,
        "key": undefined,
        "nodeType": "host",
        "props": Object {
          "alt": "",
          "className": "landing-logo",
          "src": "logo-large.png",
        },
        "ref": null,
        "rendered": null,
        "type": "img",
      },
    ],
    "type": "div",
  },
  Symbol(enzyme.__nodes__): Array [
    Object {
      "instance": null,
      "key": undefined,
      "nodeType": "host",
      "props": Object {
        "children": Array [
          <h1
            className="landing-head"
          >
            Decentralized Derivatives Association  DRCT
          </h1>,
          <h3
            className="landing-subhead"
          >
            <div>
              <p>
                Please Login to 
                <a
                  href="https://metamask.io/"
                >
                  MetaMask
                </a>
              </p>
              <p
                className="landing_p"
              >
                <a
                  href="https://www.cryptocompare.com/wallets/guides/how-to-use-metamask/"
                >
                  What is MetaMask?
                </a>
              </p>
              <div
                className="landing-network-status"
              >
                Select :
                <p
                  className="rinkeby-network-label"
                >
                  rinkeby test network
                </p>
              </div>
            </div>
          </h3>,
          <img
            alt=""
            className="landing-logo"
            src="logo-large.png"
          />,
        ],
        "id": "landing",
      },
      "ref": null,
      "rendered": Array [
        Object {
          "instance": null,
          "key": undefined,
          "nodeType": "host",
          "props": Object {
            "children": "Decentralized Derivatives Association  DRCT",
            "className": "landing-head",
          },
          "ref": null,
          "rendered": "Decentralized Derivatives Association  DRCT",
          "type": "h1",
        },
        Object {
          "instance": null,
          "key": undefined,
          "nodeType": "host",
          "props": Object {
            "children": <div>
              <p>
                Please Login to 
                <a
                  href="https://metamask.io/"
                >
                  MetaMask
                </a>
              </p>
              <p
                className="landing_p"
              >
                <a
                  href="https://www.cryptocompare.com/wallets/guides/how-to-use-metamask/"
                >
                  What is MetaMask?
                </a>
              </p>
              <div
                className="landing-network-status"
              >
                Select :
                <p
                  className="rinkeby-network-label"
                >
                  rinkeby test network
                </p>
              </div>
            </div>,
            "className": "landing-subhead",
          },
          "ref": null,
          "rendered": Object {
            "instance": null,
            "key": undefined,
            "nodeType": "host",
            "props": Object {
              "children": Array [
                <p>
                  Please Login to 
                  <a
                    href="https://metamask.io/"
                  >
                    MetaMask
                  </a>
                </p>,
                <p
                  className="landing_p"
                >
                  <a
                    href="https://www.cryptocompare.com/wallets/guides/how-to-use-metamask/"
                  >
                    What is MetaMask?
                  </a>
                </p>,
                <div
                  className="landing-network-status"
                >
                  Select :
                  <p
                    className="rinkeby-network-label"
                  >
                    rinkeby test network
                  </p>
                </div>,
              ],
            },
            "ref": null,
            "rendered": Array [
              Object {
                "instance": null,
                "key": undefined,
                "nodeType": "host",
                "props": Object {
                  "children": Array [
                    "Please Login to ",
                    <a
                      href="https://metamask.io/"
                    >
                      MetaMask
                    </a>,
                  ],
                },
                "ref": null,
                "rendered": Array [
                  "Please Login to ",
                  Object {
                    "instance": null,
                    "key": undefined,
                    "nodeType": "host",
                    "props": Object {
                      "children": "MetaMask",
                      "href": "https://metamask.io/",
                    },
                    "ref": null,
                    "rendered": "MetaMask",
                    "type": "a",
                  },
                ],
                "type": "p",
              },
              Object {
                "instance": null,
                "key": undefined,
                "nodeType": "host",
                "props": Object {
                  "children": <a
                    href="https://www.cryptocompare.com/wallets/guides/how-to-use-metamask/"
                  >
                    What is MetaMask?
                  </a>,
                  "className": "landing_p",
                },
                "ref": null,
                "rendered": Object {
                  "instance": null,
                  "key": undefined,
                  "nodeType": "host",
                  "props": Object {
                    "children": "What is MetaMask?",
                    "href": "https://www.cryptocompare.com/wallets/guides/how-to-use-metamask/",
                  },
                  "ref": null,
                  "rendered": "What is MetaMask?",
                  "type": "a",
                },
                "type": "p",
              },
              Object {
                "instance": null,
                "key": undefined,
                "nodeType": "host",
                "props": Object {
                  "children": Array [
                    "Select :",
                    <p
                      className="rinkeby-network-label"
                    >
                      rinkeby test network
                    </p>,
                  ],
                  "className": "landing-network-status",
                },
                "ref": null,
                "rendered": Array [
                  "Select :",
                  Object {
                    "instance": null,
                    "key": undefined,
                    "nodeType": "host",
                    "props": Object {
                      "children": "rinkeby test network",
                      "className": "rinkeby-network-label",
                    },
                    "ref": null,
                    "rendered": "rinkeby test network",
                    "type": "p",
                  },
                ],
                "type": "div",
              },
            ],
            "type": "div",
          },
          "type": "h3",
        },
        Object {
          "instance": null,
          "key": undefined,
          "nodeType": "host",
          "props": Object {
            "alt": "",
            "className": "landing-logo",
            "src": "logo-large.png",
          },
          "ref": null,
          "rendered": null,
          "type": "img",
        },
      ],
      "type": "div",
    },
  ],
  Symbol(enzyme.__options__): Object {
    "adapter": ReactSixteenAdapter {
      "options": Object {
        "enableComponentDidUpdateOnSetState": true,
        "lifecycles": Object {
          "componentDidUpdate": Object {
            "onSetState": true,
          },
          "getDerivedStateFromProps": true,
          "getSnapshotBeforeUpdate": true,
          "setState": Object {
            "skipsComponentDidUpdateOnNullish": true,
          },
        },
      },
    },
  },
}
`;
