// Jest Snapshot v1, https://goo.gl/fbAQLP

exports[`<MyPositions /> render() renders the component 1`] = `
ShallowWrapper {
  Symbol(enzyme.__root__): [Circular],
  Symbol(enzyme.__unrendered__): <MyPositions
    loading={false}
    store={
      Object {
        "dispatch": [Function],
        "getState": [Function],
        "replaceReducer": [Function],
        "subscribe": [Function],
        Symbol(observable): [Function],
      }
    }
    storeSubscription={
      Subscription {
        "listeners": Object {
          "clear": [Function],
          "get": [Function],
          "notify": [Function],
          "subscribe": [Function],
        },
        "onStateChange": [Function],
        "parentSub": undefined,
        "store": Object {
          "dispatch": [Function],
          "getState": [Function],
          "replaceReducer": [Function],
          "subscribe": [Function],
          Symbol(observable): [Function],
        },
        "unsubscribe": [Function],
      }
    }
    userPositions={Array []}
  />,
  Symbol(enzyme.__renderer__): Object {
    "batchedUpdates": [Function],
    "getNode": [Function],
    "render": [Function],
    "simulateError": [Function],
    "simulateEvent": [Function],
    "unmount": [Function],
  },
  Symbol(enzyme.__node__): Object {
    "instance": null,
    "key": undefined,
    "nodeType": "host",
    "props": Object {
      "children": Array [
        <div
          className="table-title"
        >
          My Tokens
        </div>,
        <table
          className="table table-hover table-striped"
        >
          <thead>
            <tr>
              <th
                style={
                  Object {
                    "width": "30%",
                  }
                }
              >
                Asset
              </th>
              <th
                style={
                  Object {
                    "width": "20%",
                  }
                }
              >
                Balance
              </th>
              <th>
                Start Date
              </th>
              <th>
                Gain/Loss
              </th>
            </tr>
          </thead>
          <tbody>
            <tr>
              <td
                colSpan="12"
                style={
                  Object {
                    "textAlign": "center",
                  }
                }
              >
                <h5>
                  No Recent Events
                </h5>
              </td>
            </tr>
          </tbody>
        </table>,
      ],
      "className": "wide-table-container",
    },
    "ref": null,
    "rendered": Array [
      Object {
        "instance": null,
        "key": undefined,
        "nodeType": "host",
        "props": Object {
          "children": "My Tokens",
          "className": "table-title",
        },
        "ref": null,
        "rendered": "My Tokens",
        "type": "div",
      },
      Object {
        "instance": null,
        "key": undefined,
        "nodeType": "host",
        "props": Object {
          "children": Array [
            <thead>
              <tr>
                <th
                  style={
                    Object {
                      "width": "30%",
                    }
                  }
                >
                  Asset
                </th>
                <th
                  style={
                    Object {
                      "width": "20%",
                    }
                  }
                >
                  Balance
                </th>
                <th>
                  Start Date
                </th>
                <th>
                  Gain/Loss
                </th>
              </tr>
            </thead>,
            <tbody>
              <tr>
                <td
                  colSpan="12"
                  style={
                    Object {
                      "textAlign": "center",
                    }
                  }
                >
                  <h5>
                    No Recent Events
                  </h5>
                </td>
              </tr>
            </tbody>,
          ],
          "className": "table table-hover table-striped",
        },
        "ref": null,
        "rendered": Array [
          Object {
            "instance": null,
            "key": undefined,
            "nodeType": "host",
            "props": Object {
              "children": <tr>
                <th
                  style={
                    Object {
                      "width": "30%",
                    }
                  }
                >
                  Asset
                </th>
                <th
                  style={
                    Object {
                      "width": "20%",
                    }
                  }
                >
                  Balance
                </th>
                <th>
                  Start Date
                </th>
                <th>
                  Gain/Loss
                </th>
              </tr>,
            },
            "ref": null,
            "rendered": Object {
              "instance": null,
              "key": undefined,
              "nodeType": "host",
              "props": Object {
                "children": Array [
                  <th
                    style={
                      Object {
                        "width": "30%",
                      }
                    }
                  >
                    Asset
                  </th>,
                  <th
                    style={
                      Object {
                        "width": "20%",
                      }
                    }
                  >
                    Balance
                  </th>,
                  <th>
                    Start Date
                  </th>,
                  <th>
                    Gain/Loss
                  </th>,
                ],
              },
              "ref": null,
              "rendered": Array [
                Object {
                  "instance": null,
                  "key": undefined,
                  "nodeType": "host",
                  "props": Object {
                    "children": "Asset",
                    "style": Object {
                      "width": "30%",
                    },
                  },
                  "ref": null,
                  "rendered": "Asset",
                  "type": "th",
                },
                Object {
                  "instance": null,
                  "key": undefined,
                  "nodeType": "host",
                  "props": Object {
                    "children": "Balance",
                    "style": Object {
                      "width": "20%",
                    },
                  },
                  "ref": null,
                  "rendered": "Balance",
                  "type": "th",
                },
                Object {
                  "instance": null,
                  "key": undefined,
                  "nodeType": "host",
                  "props": Object {
                    "children": "Start Date",
                  },
                  "ref": null,
                  "rendered": "Start Date",
                  "type": "th",
                },
                Object {
                  "instance": null,
                  "key": undefined,
                  "nodeType": "host",
                  "props": Object {
                    "children": "Gain/Loss",
                  },
                  "ref": null,
                  "rendered": "Gain/Loss",
                  "type": "th",
                },
              ],
              "type": "tr",
            },
            "type": "thead",
          },
          Object {
            "instance": null,
            "key": undefined,
            "nodeType": "host",
            "props": Object {
              "children": <tr>
                <td
                  colSpan="12"
                  style={
                    Object {
                      "textAlign": "center",
                    }
                  }
                >
                  <h5>
                    No Recent Events
                  </h5>
                </td>
              </tr>,
            },
            "ref": null,
            "rendered": Object {
              "instance": null,
              "key": undefined,
              "nodeType": "host",
              "props": Object {
                "children": <td
                  colSpan="12"
                  style={
                    Object {
                      "textAlign": "center",
                    }
                  }
                >
                  <h5>
                    No Recent Events
                  </h5>
                </td>,
              },
              "ref": null,
              "rendered": Object {
                "instance": null,
                "key": undefined,
                "nodeType": "host",
                "props": Object {
                  "children": <h5>
                    No Recent Events
                  </h5>,
                  "colSpan": "12",
                  "style": Object {
                    "textAlign": "center",
                  },
                },
                "ref": null,
                "rendered": Object {
                  "instance": null,
                  "key": undefined,
                  "nodeType": "host",
                  "props": Object {
                    "children": "No Recent Events",
                  },
                  "ref": null,
                  "rendered": "No Recent Events",
                  "type": "h5",
                },
                "type": "td",
              },
              "type": "tr",
            },
            "type": "tbody",
          },
        ],
        "type": "table",
      },
    ],
    "type": "div",
  },
  Symbol(enzyme.__nodes__): Array [
    Object {
      "instance": null,
      "key": undefined,
      "nodeType": "host",
      "props": Object {
        "children": Array [
          <div
            className="table-title"
          >
            My Tokens
          </div>,
          <table
            className="table table-hover table-striped"
          >
            <thead>
              <tr>
                <th
                  style={
                    Object {
                      "width": "30%",
                    }
                  }
                >
                  Asset
                </th>
                <th
                  style={
                    Object {
                      "width": "20%",
                    }
                  }
                >
                  Balance
                </th>
                <th>
                  Start Date
                </th>
                <th>
                  Gain/Loss
                </th>
              </tr>
            </thead>
            <tbody>
              <tr>
                <td
                  colSpan="12"
                  style={
                    Object {
                      "textAlign": "center",
                    }
                  }
                >
                  <h5>
                    No Recent Events
                  </h5>
                </td>
              </tr>
            </tbody>
          </table>,
        ],
        "className": "wide-table-container",
      },
      "ref": null,
      "rendered": Array [
        Object {
          "instance": null,
          "key": undefined,
          "nodeType": "host",
          "props": Object {
            "children": "My Tokens",
            "className": "table-title",
          },
          "ref": null,
          "rendered": "My Tokens",
          "type": "div",
        },
        Object {
          "instance": null,
          "key": undefined,
          "nodeType": "host",
          "props": Object {
            "children": Array [
              <thead>
                <tr>
                  <th
                    style={
                      Object {
                        "width": "30%",
                      }
                    }
                  >
                    Asset
                  </th>
                  <th
                    style={
                      Object {
                        "width": "20%",
                      }
                    }
                  >
                    Balance
                  </th>
                  <th>
                    Start Date
                  </th>
                  <th>
                    Gain/Loss
                  </th>
                </tr>
              </thead>,
              <tbody>
                <tr>
                  <td
                    colSpan="12"
                    style={
                      Object {
                        "textAlign": "center",
                      }
                    }
                  >
                    <h5>
                      No Recent Events
                    </h5>
                  </td>
                </tr>
              </tbody>,
            ],
            "className": "table table-hover table-striped",
          },
          "ref": null,
          "rendered": Array [
            Object {
              "instance": null,
              "key": undefined,
              "nodeType": "host",
              "props": Object {
                "children": <tr>
                  <th
                    style={
                      Object {
                        "width": "30%",
                      }
                    }
                  >
                    Asset
                  </th>
                  <th
                    style={
                      Object {
                        "width": "20%",
                      }
                    }
                  >
                    Balance
                  </th>
                  <th>
                    Start Date
                  </th>
                  <th>
                    Gain/Loss
                  </th>
                </tr>,
              },
              "ref": null,
              "rendered": Object {
                "instance": null,
                "key": undefined,
                "nodeType": "host",
                "props": Object {
                  "children": Array [
                    <th
                      style={
                        Object {
                          "width": "30%",
                        }
                      }
                    >
                      Asset
                    </th>,
                    <th
                      style={
                        Object {
                          "width": "20%",
                        }
                      }
                    >
                      Balance
                    </th>,
                    <th>
                      Start Date
                    </th>,
                    <th>
                      Gain/Loss
                    </th>,
                  ],
                },
                "ref": null,
                "rendered": Array [
                  Object {
                    "instance": null,
                    "key": undefined,
                    "nodeType": "host",
                    "props": Object {
                      "children": "Asset",
                      "style": Object {
                        "width": "30%",
                      },
                    },
                    "ref": null,
                    "rendered": "Asset",
                    "type": "th",
                  },
                  Object {
                    "instance": null,
                    "key": undefined,
                    "nodeType": "host",
                    "props": Object {
                      "children": "Balance",
                      "style": Object {
                        "width": "20%",
                      },
                    },
                    "ref": null,
                    "rendered": "Balance",
                    "type": "th",
                  },
                  Object {
                    "instance": null,
                    "key": undefined,
                    "nodeType": "host",
                    "props": Object {
                      "children": "Start Date",
                    },
                    "ref": null,
                    "rendered": "Start Date",
                    "type": "th",
                  },
                  Object {
                    "instance": null,
                    "key": undefined,
                    "nodeType": "host",
                    "props": Object {
                      "children": "Gain/Loss",
                    },
                    "ref": null,
                    "rendered": "Gain/Loss",
                    "type": "th",
                  },
                ],
                "type": "tr",
              },
              "type": "thead",
            },
            Object {
              "instance": null,
              "key": undefined,
              "nodeType": "host",
              "props": Object {
                "children": <tr>
                  <td
                    colSpan="12"
                    style={
                      Object {
                        "textAlign": "center",
                      }
                    }
                  >
                    <h5>
                      No Recent Events
                    </h5>
                  </td>
                </tr>,
              },
              "ref": null,
              "rendered": Object {
                "instance": null,
                "key": undefined,
                "nodeType": "host",
                "props": Object {
                  "children": <td
                    colSpan="12"
                    style={
                      Object {
                        "textAlign": "center",
                      }
                    }
                  >
                    <h5>
                      No Recent Events
                    </h5>
                  </td>,
                },
                "ref": null,
                "rendered": Object {
                  "instance": null,
                  "key": undefined,
                  "nodeType": "host",
                  "props": Object {
                    "children": <h5>
                      No Recent Events
                    </h5>,
                    "colSpan": "12",
                    "style": Object {
                      "textAlign": "center",
                    },
                  },
                  "ref": null,
                  "rendered": Object {
                    "instance": null,
                    "key": undefined,
                    "nodeType": "host",
                    "props": Object {
                      "children": "No Recent Events",
                    },
                    "ref": null,
                    "rendered": "No Recent Events",
                    "type": "h5",
                  },
                  "type": "td",
                },
                "type": "tr",
              },
              "type": "tbody",
            },
          ],
          "type": "table",
        },
      ],
      "type": "div",
    },
  ],
  Symbol(enzyme.__options__): Object {
    "adapter": ReactSixteenAdapter {
      "options": Object {
        "enableComponentDidUpdateOnSetState": true,
        "lifecycles": Object {
          "componentDidUpdate": Object {
            "onSetState": true,
          },
          "getDerivedStateFromProps": true,
          "getSnapshotBeforeUpdate": true,
          "setState": Object {
            "skipsComponentDidUpdateOnNullish": true,
          },
        },
      },
    },
  },
}
`;
