// Jest Snapshot v1, https://goo.gl/fbAQLP

exports[`<RecentTrades /> render() renders the component 1`] = `
ShallowWrapper {
  Symbol(enzyme.__root__): [Circular],
  Symbol(enzyme.__unrendered__): <RecentTrades
    contractDuration={0}
    contractMultiplier={0}
    getRecentTrades={[Function]}
    loading={false}
    recentTrades={Array []}
    store={
      Object {
        "dispatch": [Function],
        "getState": [Function],
        "replaceReducer": [Function],
        "subscribe": [Function],
        Symbol(observable): [Function],
      }
    }
    storeSubscription={
      Subscription {
        "listeners": Object {
          "clear": [Function],
          "get": [Function],
          "notify": [Function],
          "subscribe": [Function],
        },
        "onStateChange": [Function],
        "parentSub": undefined,
        "store": Object {
          "dispatch": [Function],
          "getState": [Function],
          "replaceReducer": [Function],
          "subscribe": [Function],
          Symbol(observable): [Function],
        },
        "unsubscribe": [Function],
      }
    }
  />,
  Symbol(enzyme.__renderer__): Object {
    "batchedUpdates": [Function],
    "getNode": [Function],
    "render": [Function],
    "simulateError": [Function],
    "simulateEvent": [Function],
    "unmount": [Function],
  },
  Symbol(enzyme.__node__): Object {
    "instance": null,
    "key": undefined,
    "nodeType": "host",
    "props": Object {
      "children": <Table
        className="table table-hover table-striped table-responsive"
        responsiveTag="div"
        tag="table"
      >
        <thead>
          <tr>
            <th
              colSpan="3"
            >
              Recent Trades
            </th>
          </tr>
          <tr>
            <th>
              Address
            </th>
            <th>
              Start Date
            </th>
            <th>
              Volume
            </th>
            <th>
              Price (ETH)
            </th>
          </tr>
        </thead>
        <tbody />
      </Table>,
      "className": "table-container recent-trades",
    },
    "ref": null,
    "rendered": Object {
      "instance": null,
      "key": undefined,
      "nodeType": "function",
      "props": Object {
        "children": Array [
          <thead>
            <tr>
              <th
                colSpan="3"
              >
                Recent Trades
              </th>
            </tr>
            <tr>
              <th>
                Address
              </th>
              <th>
                Start Date
              </th>
              <th>
                Volume
              </th>
              <th>
                Price (ETH)
              </th>
            </tr>
          </thead>,
          <tbody />,
        ],
        "className": "table table-hover table-striped table-responsive",
        "responsiveTag": "div",
        "tag": "table",
      },
      "ref": null,
      "rendered": Array [
        Object {
          "instance": null,
          "key": undefined,
          "nodeType": "host",
          "props": Object {
            "children": Array [
              <tr>
                <th
                  colSpan="3"
                >
                  Recent Trades
                </th>
              </tr>,
              <tr>
                <th>
                  Address
                </th>
                <th>
                  Start Date
                </th>
                <th>
                  Volume
                </th>
                <th>
                  Price (ETH)
                </th>
              </tr>,
            ],
          },
          "ref": null,
          "rendered": Array [
            Object {
              "instance": null,
              "key": undefined,
              "nodeType": "host",
              "props": Object {
                "children": <th
                  colSpan="3"
                >
                  Recent Trades
                </th>,
              },
              "ref": null,
              "rendered": Object {
                "instance": null,
                "key": undefined,
                "nodeType": "host",
                "props": Object {
                  "children": "Recent Trades",
                  "colSpan": "3",
                },
                "ref": null,
                "rendered": "Recent Trades",
                "type": "th",
              },
              "type": "tr",
            },
            Object {
              "instance": null,
              "key": undefined,
              "nodeType": "host",
              "props": Object {
                "children": Array [
                  <th>
                    Address
                  </th>,
                  <th>
                    Start Date
                  </th>,
                  <th>
                    Volume
                  </th>,
                  <th>
                    Price (ETH)
                  </th>,
                ],
              },
              "ref": null,
              "rendered": Array [
                Object {
                  "instance": null,
                  "key": undefined,
                  "nodeType": "host",
                  "props": Object {
                    "children": "Address",
                  },
                  "ref": null,
                  "rendered": "Address",
                  "type": "th",
                },
                Object {
                  "instance": null,
                  "key": undefined,
                  "nodeType": "host",
                  "props": Object {
                    "children": "Start Date",
                  },
                  "ref": null,
                  "rendered": "Start Date",
                  "type": "th",
                },
                Object {
                  "instance": null,
                  "key": undefined,
                  "nodeType": "host",
                  "props": Object {
                    "children": "Volume",
                  },
                  "ref": null,
                  "rendered": "Volume",
                  "type": "th",
                },
                Object {
                  "instance": null,
                  "key": undefined,
                  "nodeType": "host",
                  "props": Object {
                    "children": "Price (ETH)",
                  },
                  "ref": null,
                  "rendered": "Price (ETH)",
                  "type": "th",
                },
              ],
              "type": "tr",
            },
          ],
          "type": "thead",
        },
        Object {
          "instance": null,
          "key": undefined,
          "nodeType": "host",
          "props": Object {
            "children": Array [],
          },
          "ref": null,
          "rendered": Array [],
          "type": "tbody",
        },
      ],
      "type": [Function],
    },
    "type": "div",
  },
  Symbol(enzyme.__nodes__): Array [
    Object {
      "instance": null,
      "key": undefined,
      "nodeType": "host",
      "props": Object {
        "children": <Table
          className="table table-hover table-striped table-responsive"
          responsiveTag="div"
          tag="table"
        >
          <thead>
            <tr>
              <th
                colSpan="3"
              >
                Recent Trades
              </th>
            </tr>
            <tr>
              <th>
                Address
              </th>
              <th>
                Start Date
              </th>
              <th>
                Volume
              </th>
              <th>
                Price (ETH)
              </th>
            </tr>
          </thead>
          <tbody />
        </Table>,
        "className": "table-container recent-trades",
      },
      "ref": null,
      "rendered": Object {
        "instance": null,
        "key": undefined,
        "nodeType": "function",
        "props": Object {
          "children": Array [
            <thead>
              <tr>
                <th
                  colSpan="3"
                >
                  Recent Trades
                </th>
              </tr>
              <tr>
                <th>
                  Address
                </th>
                <th>
                  Start Date
                </th>
                <th>
                  Volume
                </th>
                <th>
                  Price (ETH)
                </th>
              </tr>
            </thead>,
            <tbody />,
          ],
          "className": "table table-hover table-striped table-responsive",
          "responsiveTag": "div",
          "tag": "table",
        },
        "ref": null,
        "rendered": Array [
          Object {
            "instance": null,
            "key": undefined,
            "nodeType": "host",
            "props": Object {
              "children": Array [
                <tr>
                  <th
                    colSpan="3"
                  >
                    Recent Trades
                  </th>
                </tr>,
                <tr>
                  <th>
                    Address
                  </th>
                  <th>
                    Start Date
                  </th>
                  <th>
                    Volume
                  </th>
                  <th>
                    Price (ETH)
                  </th>
                </tr>,
              ],
            },
            "ref": null,
            "rendered": Array [
              Object {
                "instance": null,
                "key": undefined,
                "nodeType": "host",
                "props": Object {
                  "children": <th
                    colSpan="3"
                  >
                    Recent Trades
                  </th>,
                },
                "ref": null,
                "rendered": Object {
                  "instance": null,
                  "key": undefined,
                  "nodeType": "host",
                  "props": Object {
                    "children": "Recent Trades",
                    "colSpan": "3",
                  },
                  "ref": null,
                  "rendered": "Recent Trades",
                  "type": "th",
                },
                "type": "tr",
              },
              Object {
                "instance": null,
                "key": undefined,
                "nodeType": "host",
                "props": Object {
                  "children": Array [
                    <th>
                      Address
                    </th>,
                    <th>
                      Start Date
                    </th>,
                    <th>
                      Volume
                    </th>,
                    <th>
                      Price (ETH)
                    </th>,
                  ],
                },
                "ref": null,
                "rendered": Array [
                  Object {
                    "instance": null,
                    "key": undefined,
                    "nodeType": "host",
                    "props": Object {
                      "children": "Address",
                    },
                    "ref": null,
                    "rendered": "Address",
                    "type": "th",
                  },
                  Object {
                    "instance": null,
                    "key": undefined,
                    "nodeType": "host",
                    "props": Object {
                      "children": "Start Date",
                    },
                    "ref": null,
                    "rendered": "Start Date",
                    "type": "th",
                  },
                  Object {
                    "instance": null,
                    "key": undefined,
                    "nodeType": "host",
                    "props": Object {
                      "children": "Volume",
                    },
                    "ref": null,
                    "rendered": "Volume",
                    "type": "th",
                  },
                  Object {
                    "instance": null,
                    "key": undefined,
                    "nodeType": "host",
                    "props": Object {
                      "children": "Price (ETH)",
                    },
                    "ref": null,
                    "rendered": "Price (ETH)",
                    "type": "th",
                  },
                ],
                "type": "tr",
              },
            ],
            "type": "thead",
          },
          Object {
            "instance": null,
            "key": undefined,
            "nodeType": "host",
            "props": Object {
              "children": Array [],
            },
            "ref": null,
            "rendered": Array [],
            "type": "tbody",
          },
        ],
        "type": [Function],
      },
      "type": "div",
    },
  ],
  Symbol(enzyme.__options__): Object {
    "adapter": ReactSixteenAdapter {
      "options": Object {
        "enableComponentDidUpdateOnSetState": true,
        "lifecycles": Object {
          "componentDidUpdate": Object {
            "onSetState": true,
          },
          "getDerivedStateFromProps": true,
          "getSnapshotBeforeUpdate": true,
          "setState": Object {
            "skipsComponentDidUpdateOnNullish": true,
          },
        },
      },
    },
  },
}
`;
