// Jest Snapshot v1, https://goo.gl/fbAQLP

exports[`<SendFundsFormComponent /> renders the component 1`] = `
ShallowWrapper {
  Symbol(enzyme.__root__): [Circular],
  Symbol(enzyme.__unrendered__): <SendFundsFormComponent
    handleSubmit={
      [MockFunction] {
        "calls": Array [
          Array [
            undefined,
          ],
        ],
        "results": Array [
          Object {
            "isThrow": false,
            "value": undefined,
          },
        ],
      }
    }
    store={
      Object {
        "dispatch": [Function],
        "getState": [Function],
        "replaceReducer": [Function],
        "subscribe": [Function],
        Symbol(observable): [Function],
      }
    }
  />,
  Symbol(enzyme.__renderer__): Object {
    "batchedUpdates": [Function],
    "getNode": [Function],
    "render": [Function],
    "simulateError": [Function],
    "simulateEvent": [Function],
    "unmount": [Function],
  },
  Symbol(enzyme.__node__): Object {
    "instance": null,
    "key": undefined,
    "nodeType": "host",
    "props": Object {
      "autoComplete": "off",
      "children": Array [
        <InputGroup
          className="form-dropdown"
          tag="div"
        >
          <Field
            component={[Function]}
            label="Select Currency"
            name="currency"
            options={
              Object {
                "0x92217550aba5912ba7eb70978871daf7d6bcc16d": "BTC/USD",
                "0xf55e6ce774cec3817467aed5f5a5769f006658d0": "ETH/USD",
              }
            }
          />
        </InputGroup>,
        <InputGroup
          className="form-eth-input"
          tag="div"
        >
          <Field
            component={[Function]}
            label="Swap Address"
            name="address"
          />
        </InputGroup>,
        <InputGroup
          className="form-eth-input"
          tag="div"
        >
          <Field
            addonLabel="ETH"
            component={[Function]}
            label="Amount of Ether"
            name="amount"
          />
        </InputGroup>,
        <div
          className="form-submit-wrapper"
        >
          <button
            className="form-submit btn btn-primary"
            type="submit"
          >
            Send Funds
          </button>
        </div>,
      ],
      "onSubmit": undefined,
    },
    "ref": null,
    "rendered": Array [
      Object {
        "instance": null,
        "key": undefined,
        "nodeType": "function",
        "props": Object {
          "children": <Field
            component={[Function]}
            label="Select Currency"
            name="currency"
            options={
              Object {
                "0x92217550aba5912ba7eb70978871daf7d6bcc16d": "BTC/USD",
                "0xf55e6ce774cec3817467aed5f5a5769f006658d0": "ETH/USD",
              }
            }
          />,
          "className": "form-dropdown",
          "tag": "div",
        },
        "ref": null,
        "rendered": Object {
          "instance": null,
          "key": undefined,
          "nodeType": "class",
          "props": Object {
            "component": [Function],
            "label": "Select Currency",
            "name": "currency",
            "options": Object {
              "0x92217550aba5912ba7eb70978871daf7d6bcc16d": "BTC/USD",
              "0xf55e6ce774cec3817467aed5f5a5769f006658d0": "ETH/USD",
            },
          },
          "ref": null,
          "rendered": null,
          "type": [Function],
        },
        "type": [Function],
      },
      Object {
        "instance": null,
        "key": undefined,
        "nodeType": "function",
        "props": Object {
          "children": <Field
            component={[Function]}
            label="Swap Address"
            name="address"
          />,
          "className": "form-eth-input",
          "tag": "div",
        },
        "ref": null,
        "rendered": Object {
          "instance": null,
          "key": undefined,
          "nodeType": "class",
          "props": Object {
            "component": [Function],
            "label": "Swap Address",
            "name": "address",
          },
          "ref": null,
          "rendered": null,
          "type": [Function],
        },
        "type": [Function],
      },
      Object {
        "instance": null,
        "key": undefined,
        "nodeType": "function",
        "props": Object {
          "children": <Field
            addonLabel="ETH"
            component={[Function]}
            label="Amount of Ether"
            name="amount"
          />,
          "className": "form-eth-input",
          "tag": "div",
        },
        "ref": null,
        "rendered": Object {
          "instance": null,
          "key": undefined,
          "nodeType": "class",
          "props": Object {
            "addonLabel": "ETH",
            "component": [Function],
            "label": "Amount of Ether",
            "name": "amount",
          },
          "ref": null,
          "rendered": null,
          "type": [Function],
        },
        "type": [Function],
      },
      Object {
        "instance": null,
        "key": undefined,
        "nodeType": "host",
        "props": Object {
          "children": <button
            className="form-submit btn btn-primary"
            type="submit"
          >
            Send Funds
          </button>,
          "className": "form-submit-wrapper",
        },
        "ref": null,
        "rendered": Object {
          "instance": null,
          "key": undefined,
          "nodeType": "host",
          "props": Object {
            "children": "Send Funds",
            "className": "form-submit btn btn-primary",
            "type": "submit",
          },
          "ref": null,
          "rendered": "Send Funds",
          "type": "button",
        },
        "type": "div",
      },
    ],
    "type": "form",
  },
  Symbol(enzyme.__nodes__): Array [
    Object {
      "instance": null,
      "key": undefined,
      "nodeType": "host",
      "props": Object {
        "autoComplete": "off",
        "children": Array [
          <InputGroup
            className="form-dropdown"
            tag="div"
          >
            <Field
              component={[Function]}
              label="Select Currency"
              name="currency"
              options={
                Object {
                  "0x92217550aba5912ba7eb70978871daf7d6bcc16d": "BTC/USD",
                  "0xf55e6ce774cec3817467aed5f5a5769f006658d0": "ETH/USD",
                }
              }
            />
          </InputGroup>,
          <InputGroup
            className="form-eth-input"
            tag="div"
          >
            <Field
              component={[Function]}
              label="Swap Address"
              name="address"
            />
          </InputGroup>,
          <InputGroup
            className="form-eth-input"
            tag="div"
          >
            <Field
              addonLabel="ETH"
              component={[Function]}
              label="Amount of Ether"
              name="amount"
            />
          </InputGroup>,
          <div
            className="form-submit-wrapper"
          >
            <button
              className="form-submit btn btn-primary"
              type="submit"
            >
              Send Funds
            </button>
          </div>,
        ],
        "onSubmit": undefined,
      },
      "ref": null,
      "rendered": Array [
        Object {
          "instance": null,
          "key": undefined,
          "nodeType": "function",
          "props": Object {
            "children": <Field
              component={[Function]}
              label="Select Currency"
              name="currency"
              options={
                Object {
                  "0x92217550aba5912ba7eb70978871daf7d6bcc16d": "BTC/USD",
                  "0xf55e6ce774cec3817467aed5f5a5769f006658d0": "ETH/USD",
                }
              }
            />,
            "className": "form-dropdown",
            "tag": "div",
          },
          "ref": null,
          "rendered": Object {
            "instance": null,
            "key": undefined,
            "nodeType": "class",
            "props": Object {
              "component": [Function],
              "label": "Select Currency",
              "name": "currency",
              "options": Object {
                "0x92217550aba5912ba7eb70978871daf7d6bcc16d": "BTC/USD",
                "0xf55e6ce774cec3817467aed5f5a5769f006658d0": "ETH/USD",
              },
            },
            "ref": null,
            "rendered": null,
            "type": [Function],
          },
          "type": [Function],
        },
        Object {
          "instance": null,
          "key": undefined,
          "nodeType": "function",
          "props": Object {
            "children": <Field
              component={[Function]}
              label="Swap Address"
              name="address"
            />,
            "className": "form-eth-input",
            "tag": "div",
          },
          "ref": null,
          "rendered": Object {
            "instance": null,
            "key": undefined,
            "nodeType": "class",
            "props": Object {
              "component": [Function],
              "label": "Swap Address",
              "name": "address",
            },
            "ref": null,
            "rendered": null,
            "type": [Function],
          },
          "type": [Function],
        },
        Object {
          "instance": null,
          "key": undefined,
          "nodeType": "function",
          "props": Object {
            "children": <Field
              addonLabel="ETH"
              component={[Function]}
              label="Amount of Ether"
              name="amount"
            />,
            "className": "form-eth-input",
            "tag": "div",
          },
          "ref": null,
          "rendered": Object {
            "instance": null,
            "key": undefined,
            "nodeType": "class",
            "props": Object {
              "addonLabel": "ETH",
              "component": [Function],
              "label": "Amount of Ether",
              "name": "amount",
            },
            "ref": null,
            "rendered": null,
            "type": [Function],
          },
          "type": [Function],
        },
        Object {
          "instance": null,
          "key": undefined,
          "nodeType": "host",
          "props": Object {
            "children": <button
              className="form-submit btn btn-primary"
              type="submit"
            >
              Send Funds
            </button>,
            "className": "form-submit-wrapper",
          },
          "ref": null,
          "rendered": Object {
            "instance": null,
            "key": undefined,
            "nodeType": "host",
            "props": Object {
              "children": "Send Funds",
              "className": "form-submit btn btn-primary",
              "type": "submit",
            },
            "ref": null,
            "rendered": "Send Funds",
            "type": "button",
          },
          "type": "div",
        },
      ],
      "type": "form",
    },
  ],
  Symbol(enzyme.__options__): Object {
    "adapter": ReactSixteenAdapter {
      "options": Object {
        "enableComponentDidUpdateOnSetState": true,
        "lifecycles": Object {
          "componentDidUpdate": Object {
            "onSetState": true,
          },
          "getDerivedStateFromProps": true,
          "getSnapshotBeforeUpdate": true,
          "setState": Object {
            "skipsComponentDidUpdateOnNullish": true,
          },
        },
      },
    },
  },
}
`;
